
> votecounting-backend@1.0.0 dev
> ts-node src/index.ts

Server running on http://localhost:5050
Database connection established
🤖 Processing 1769661419231-01.jpg with AI (voteType: surplus)...
✅ AI processed 1769661419231-01.jpg: Unknown
🤖 Processing 1769661419255-02.jpg with AI (voteType: surplus)...
✅ AI processed 1769661419255-02.jpg: Unknown
🤖 Processing 1769661419275-03.jpg with AI (voteType: surplus)...
✅ AI processed 1769661419275-03.jpg: Unknown
🤖 Processing 1769661419287-04.jpg with AI (voteType: surplus)...
✅ AI processed 1769661419287-04.jpg: Unknown
🤖 Processing 1769661419299-05.jpg with AI (voteType: surplus)...
✅ AI processed 1769661419299-05.jpg: Unknown
🤖 Processing 1769661419318-06.jpg with AI (voteType: surplus)...
✅ AI processed 1769661419318-06.jpg: Unknown
🤖 Processing 1769661419335-07.jpg with AI (voteType: surplus)...
✅ AI processed 1769661419335-07.jpg: Unknown
🤖 Processing 1769661419359-09.jpg with AI (voteType: surplus)...
✅ AI processed 1769661419359-09.jpg: Unknown
🤖 Processing 1769661419371-10.jpg with AI (voteType: surplus)...
✅ AI processed 1769661419371-10.jpg: Unknown
🤖 Processing 1769661419383-11.jpg with AI (voteType: surplus)...
✅ AI processed 1769661419383-11.jpg: Unknown
🤖 Processing 1769661419390-12.jpg with AI (voteType: surplus)...
✅ AI processed 1769661419390-12.jpg: Unknown
🤖 Processing 1769661419402-13.jpg with AI (voteType: surplus)...
✅ AI processed 1769661419402-13.jpg: Unknown
🤖 Processing 1769661419424-14.jpg with AI (voteType: surplus)...
✅ AI processed 1769661419424-14.jpg: Unknown
🤖 Processing 1769661419454-15.jpg with AI (voteType: surplus)...
✅ AI processed 1769661419454-15.jpg: Unknown
🤖 Processing 1769661419459-16.jpg with AI (voteType: surplus)...
✅ AI processed 1769661419459-16.jpg: Unknown
🤖 Processing 1769661419475-17.jpg with AI (voteType: surplus)...
✅ AI processed 1769661419475-17.jpg: Unknown
🤖 Processing 1769661419485-18.jpg with AI (voteType: surplus)...
✅ AI processed 1769661419485-18.jpg: Unknown
🤖 Processing 1769661419492-19.jpg with AI (voteType: surplus)...
✅ AI processed 1769661419492-19.jpg: Unknown
🤖 Processing 1769661419496-20.jpg with AI (voteType: surplus)...
✅ AI processed 1769661419496-20.jpg: Unknown
🤖 Processing 1769661977796-02.jpg with AI (voteType: trust)...
✅ AI processed 1769661977796-02.jpg: Unknown
🤖 Processing 1769661977885-03.jpg with AI (voteType: trust)...
🤖 Processing 1769662003755-01.jpg with AI (voteType: surplus)...
✅ AI processed 1769661977885-03.jpg: Unknown
🤖 Processing 1769661977910-04.jpg with AI (voteType: trust)...
✅ AI processed 1769662003755-01.jpg: Unknown
🤖 Processing 1769662003766-02.jpg with AI (voteType: surplus)...
✅ AI processed 1769661977910-04.jpg: Unknown
🤖 Processing 1769661977930-05.jpg with AI (voteType: trust)...
✅ AI processed 1769662003766-02.jpg: Unknown
🤖 Processing 1769662003801-03.jpg with AI (voteType: surplus)...
✅ AI processed 1769661977930-05.jpg: Unknown
🤖 Processing 1769661977940-06.jpg with AI (voteType: trust)...
✅ AI processed 1769662003801-03.jpg: Unknown
🤖 Processing 1769662003825-04.jpg with AI (voteType: surplus)...
✅ AI processed 1769661977940-06.jpg: Unknown
🤖 Processing 1769661977967-07.jpg with AI (voteType: trust)...
✅ AI processed 1769662003825-04.jpg: Unknown
🤖 Processing 1769662003857-05.jpg with AI (voteType: surplus)...
✅ AI processed 1769661977967-07.jpg: Unknown
🤖 Processing 1769661978005-08.jpg with AI (voteType: trust)...
✅ AI processed 1769662003857-05.jpg: Unknown
🤖 Processing 1769662003889-06.jpg with AI (voteType: surplus)...
✅ AI processed 1769661978005-08.jpg: Unknown
🤖 Processing 1769661978017-09.jpg with AI (voteType: trust)...
✅ AI processed 1769662003889-06.jpg: Unknown
🤖 Processing 1769662004013-07.jpg with AI (voteType: surplus)...
✅ AI processed 1769661978017-09.jpg: Unknown
🤖 Processing 1769661978032-10.jpg with AI (voteType: trust)...
✅ AI processed 1769662004013-07.jpg: Unknown
🤖 Processing 1769662004029-09.jpg with AI (voteType: surplus)...
✅ AI processed 1769661978032-10.jpg: Unknown
🤖 Processing 1769661978043-11.jpg with AI (voteType: trust)...
✅ AI processed 1769662004029-09.jpg: Unknown
🤖 Processing 1769662004047-10.jpg with AI (voteType: surplus)...
✅ AI processed 1769661978043-11.jpg: Unknown
🤖 Processing 1769661978202-12.jpg with AI (voteType: trust)...
✅ AI processed 1769662004047-10.jpg: Unknown
🤖 Processing 1769662004058-11.jpg with AI (voteType: surplus)...
✅ AI processed 1769661978202-12.jpg: Unknown
🤖 Processing 1769661978214-13.jpg with AI (voteType: trust)...
✅ AI processed 1769662004058-11.jpg: Unknown
🤖 Processing 1769662004084-12.jpg with AI (voteType: surplus)...
✅ AI processed 1769661978214-13.jpg: Unknown
🤖 Processing 1769661978231-14.jpg with AI (voteType: trust)...
✅ AI processed 1769662004084-12.jpg: Unknown
🤖 Processing 1769662004101-13.jpg with AI (voteType: surplus)...
✅ AI processed 1769661978231-14.jpg: Unknown
🤖 Processing 1769661978243-15.jpg with AI (voteType: trust)...
✅ AI processed 1769662004101-13.jpg: Unknown
🤖 Processing 1769662004117-14.jpg with AI (voteType: surplus)...
✅ AI processed 1769661978243-15.jpg: Unknown
🤖 Processing 1769661978262-16.jpg with AI (voteType: trust)...
✅ AI processed 1769662004117-14.jpg: Unknown
🤖 Processing 1769662004127-15.jpg with AI (voteType: surplus)...
✅ AI processed 1769661978262-16.jpg: Unknown
🤖 Processing 1769661978281-17.jpg with AI (voteType: trust)...
✅ AI processed 1769662004127-15.jpg: Unknown
🤖 Processing 1769662004150-16.jpg with AI (voteType: surplus)...
✅ AI processed 1769661978281-17.jpg: Unknown
🤖 Processing 1769661978318-18.jpg with AI (voteType: trust)...
✅ AI processed 1769662004150-16.jpg: Unknown
🤖 Processing 1769662004263-17.jpg with AI (voteType: surplus)...
✅ AI processed 1769661978318-18.jpg: Unknown
🤖 Processing 1769661978397-19.jpg with AI (voteType: trust)...
✅ AI processed 1769662004263-17.jpg: Unknown
🤖 Processing 1769662004271-18.jpg with AI (voteType: surplus)...
✅ AI processed 1769661978397-19.jpg: Unknown
🤖 Processing 1769661978472-20.jpg with AI (voteType: trust)...
✅ AI processed 1769662004271-18.jpg: Unknown
🤖 Processing 1769662004290-19.jpg with AI (voteType: surplus)...
✅ AI processed 1769661978472-20.jpg: Unknown
✅ AI processed 1769662004290-19.jpg: Unknown
🤖 Processing 1769662004302-20.jpg with AI (voteType: surplus)...
✅ AI processed 1769662004302-20.jpg: Unknown
